0x1F HEXADECIMAL
200 DECIMAL
019 NO RECONOCIDA
0xG1 NO RECONOCIDA
045 OCTAL
080 NO RECONOCIDA
456 DECIMAL
0 OCTAL
