0xFF HEXADECIMAL
127 DECIMAL
0159 NO RECONOCIDA
0xaBb1 HEXADECIMAL
0Xx NO RECONOCIDA
0 OCTAL
010 OCTAL
09 NO RECONOCIDA
127A NO RECONOCIDA
120 DECIMAL
